// Jest Snapshot v1, https://goo.gl/fbAQLP

exports[`BudaAlert matches snapshot 1`] = `
<div role="alert" class="bg-teal-100 border-t-4 border-teal-500 rounded-b text-teal-900 px-4 py-3 shadow-md">
  <div class="flex">
    <div class="py-1"><svg xmlns="http://www.w3.org/2000/svg" viewBox="0 0 20 20" class="fill-current h-6 w-6 text-teal-500 mr-4">
        <path d="M2.93 17.07A10 10 0 1 1 17.07 2.93 10 10 0 0 1 2.93 17.07zm12.73-1.41A8 8 0 1 0 4.34 4.34a8 8 0 0 0 11.32 11.32zM9 11V9h2v6H9v-4zm0-6h2v2H9V5z"></path>
      </svg></div>
    <div>
      <router-link-stub to="buda">
        <p class="font-bold">No est√°s conectado a Buda</p>
      </router-link-stub>
      <p class="text-sm">Para realizar pagos debes asociar una cuenta Buda.</p>
    </div>
  </div>
</div>
`;
