// Jest Snapshot v1, https://goo.gl/fbAQLP

exports[`InputLabel matches snapshot 1`] = `<label for="fieldFor" class="txt-field text-left block text-gray-700 text-sm font-bold mb-2"></label>`;
