// Jest Snapshot v1, https://goo.gl/fbAQLP

exports[`PasswordInput matches snapshot 1`] = `<div class="flex justify-end flex-row"><input id="password" type="password" placeholder="****************" name="password" class="txt-input rounded w-full py-2 px-3 text-gray-700 mb-3 leading-tight focus:outline-none focus:shadow-outline"> <img src="[object Object]" align="top" class="absolute transform translate-y-3 -translate-x-4"></div>`;
