// Jest Snapshot v1, https://goo.gl/fbAQLP

exports[`SubmitButton matches snapshot 1`] = `<button class="text-white font-bold py-2 px-4 rounded focus:outline-none focus:shadow-outline bg-blue-500 hover:bg-blue-700 w-normal"></button>`;
