// Jest Snapshot v1, https://goo.gl/fbAQLP

exports[`Landing matches snapshot 1`] = `
<div class="m-12">
  <div class="bg-gray-200 p-10 my-4 rounded-md">
    <p class="text-5xl font-bold">BitSplit</p>
    <p class="font-light">Lorem ipsum dolor sit amet, consectetur adipiscing elit, sed do eiusmod tempor incididunt ut labore et dolore magna aliqua. Ut enim ad minim veniam</p>
  </div>
  <div class="flex flex-col justify-center md:flex-row md:justify-start bg-gray-200 p-10 rounded-md">
    <div class="flex flex-col md:flex-row md:items-start text-center px-4 py-2">
      <linkbutton-stub route="sign-in" classmod="bg-blue-500 hover:bg-blue-700 mx-4 my-3 md:my-0">Iniciar sesion</linkbutton-stub>
      <linkbutton-stub route="sign-up" classmod="bg-blue-500 hover:bg-blue-700 mx-4">Registrarse</linkbutton-stub>
    </div>
  </div>
</div>
`;
